[23:01:00] [WARNING] mysql_connect: no password specified (C:\Users\Israel\OneDrive\Documentos\Desktop\OverZone\gamemodes\main.pwn:42 -> C:\Users\Israel\OneDrive\Documentos\Desktop\OverZone\pawno\include\sscanf2.inc:204)
[00:40:54] [WARNING] mysql_connect: no password specified (C:\Users\Israel\OneDrive\Documentos\Desktop\OverZone\gamemodes\main.pwn:56 -> C:\Users\Israel\OneDrive\Documentos\Desktop\OverZone\pawno\include\sscanf2.inc:204)
[00:43:14] [ERROR] error #1054 while executing query "INSERT INTO usuarios (nombre, clave, correo, edad, genero, skin) VALUES ('Jcr_Isra', '32449093', 'rojasirael2705@gmail.com', 18, 1, 93)": Unknown column 'edad' in 'field list' (C:\Users\Israel\OneDrive\Documentos\Desktop\OverZone\gamemodes\main.pwn:168)
[00:45:16] [ERROR] error #1054 while executing query "INSERT INTO usuarios (nombre, clave, correo, edad, genero, skin) VALUES ('Jcr_Isra', '123456', 'asdwasd@gmail.com', 27, 0, 60)": Unknown column 'edad' in 'field list' (C:\Users\Israel\OneDrive\Documentos\Desktop\OverZone\gamemodes\main.pwn:168)
[12:56:38] [WARNING] mysql_connect: no password specified (C:\Users\Israel\OneDrive\Documentos\Desktop\OverZone\gamemodes\main.pwn:56 -> C:\Users\Israel\OneDrive\Documentos\Desktop\OverZone\pawno\include\sscanf2.inc:204)
[12:56:42] [ERROR] CConnection::CConnection - establishing connection to MySQL database failed: #2002 'Can't connect to MySQL server on 'localhost' (10061)'
[12:56:46] [ERROR] CConnection::CConnection - establishing connection to MySQL database failed: #2002 'Can't connect to MySQL server on 'localhost' (10061)'
[12:56:50] [ERROR] CConnection::CConnection - establishing connection to MySQL database failed: #2002 'Can't connect to MySQL server on 'localhost' (10061)'
[12:56:54] [ERROR] CConnection::CConnection - establishing connection to MySQL database failed: #2002 'Can't connect to MySQL server on 'localhost' (10061)'
[13:12:04] [WARNING] mysql_connect: no password specified (C:\Users\Israel\OneDrive\Documentos\Desktop\OverZone\gamemodes\main.pwn:56 -> C:\Users\Israel\OneDrive\Documentos\Desktop\OverZone\pawno\include\sscanf2.inc:204)
[13:16:24] [ERROR] mysql_tquery: callback error: callback "CargarDatosJugador" does not exist (C:\Users\Israel\OneDrive\Documentos\Desktop\OverZone\gamemodes\main.pwn:241)
[13:21:26] [WARNING] mysql_connect: no password specified (C:\Users\Israel\OneDrive\Documentos\Desktop\OverZone\gamemodes\main.pwn:56 -> C:\Users\Israel\OneDrive\Documentos\Desktop\OverZone\pawno\include\sscanf2.inc:204)
[13:21:59] [ERROR] mysql_tquery: callback error: callback "CargarDatosJugador" does not exist (C:\Users\Israel\OneDrive\Documentos\Desktop\OverZone\gamemodes\main.pwn:242)
[13:30:38] [WARNING] mysql_connect: no password specified (C:\Users\Israel\OneDrive\Documentos\Desktop\OverZone\gamemodes\main.pwn:56 -> C:\Users\Israel\OneDrive\Documentos\Desktop\OverZone\pawno\include\sscanf2.inc:204)
[13:31:27] [ERROR] mysql_tquery: callback error: callback "CargarDatosJugador" does not exist (C:\Users\Israel\OneDrive\Documentos\Desktop\OverZone\gamemodes\main.pwn:245)
[13:33:21] [ERROR] mysql_tquery: callback error: callback "CargarDatosJugador" does not exist (C:\Users\Israel\OneDrive\Documentos\Desktop\OverZone\gamemodes\main.pwn:245)
[13:46:16] [WARNING] mysql_connect: no password specified (C:\Users\Israel\OneDrive\Documentos\Desktop\OverZone\gamemodes\main.pwn:56 -> C:\Users\Israel\OneDrive\Documentos\Desktop\OverZone\pawno\include\sscanf2.inc:204)
[13:48:03] [ERROR] mysql_tquery: callback error: callback "CargarDatosJugador" does not exist (C:\Users\Israel\OneDrive\Documentos\Desktop\OverZone\gamemodes\main.pwn:289)
[13:53:11] [WARNING] mysql_connect: no password specified (C:\Users\Israel\OneDrive\Documentos\Desktop\OverZone\gamemodes\main.pwn:56 -> C:\Users\Israel\OneDrive\Documentos\Desktop\OverZone\pawno\include\sscanf2.inc:204)
[14:01:31] [WARNING] mysql_connect: no password specified (C:\Users\Israel\OneDrive\Documentos\Desktop\OverZone\gamemodes\main.pwn:56 -> C:\Users\Israel\OneDrive\Documentos\Desktop\OverZone\pawno\include\sscanf2.inc:204)
[14:05:20] [WARNING] mysql_connect: no password specified (C:\Users\Israel\OneDrive\Documentos\Desktop\OverZone\gamemodes\main.pwn:56 -> C:\Users\Israel\OneDrive\Documentos\Desktop\OverZone\pawno\include\sscanf2.inc:204)
[14:07:54] [WARNING] mysql_connect: no password specified (C:\Users\Israel\OneDrive\Documentos\Desktop\OverZone\gamemodes\main.pwn:56 -> C:\Users\Israel\OneDrive\Documentos\Desktop\OverZone\pawno\include\sscanf2.inc:204)
[14:13:48] [WARNING] mysql_connect: no password specified (C:\Users\Israel\OneDrive\Documentos\Desktop\OverZone\gamemodes\main.pwn:56 -> C:\Users\Israel\OneDrive\Documentos\Desktop\OverZone\pawno\include\sscanf2.inc:204)
[14:14:14] [WARNING] mysql_connect: no password specified (C:\Users\Israel\OneDrive\Documentos\Desktop\OverZone\gamemodes\main.pwn:56 -> C:\Users\Israel\OneDrive\Documentos\Desktop\OverZone\pawno\include\sscanf2.inc:204)
[15:41:49] [WARNING] mysql_connect: no password specified (C:\Users\Israel\OneDrive\Documentos\Desktop\OverZone\gamemodes\main.pwn:80 -> C:\Users\Israel\OneDrive\Documentos\Desktop\OverZone\pawno\include\sscanf2.inc:204)
[15:46:45] [WARNING] mysql_connect: no password specified (C:\Users\Israel\OneDrive\Documentos\Desktop\OverZone\gamemodes\main.pwn:80 -> C:\Users\Israel\OneDrive\Documentos\Desktop\OverZone\pawno\include\sscanf2.inc:204)
[15:48:16] [WARNING] mysql_connect: no password specified (C:\Users\Israel\OneDrive\Documentos\Desktop\OverZone\gamemodes\main.pwn:80 -> C:\Users\Israel\OneDrive\Documentos\Desktop\OverZone\pawno\include\sscanf2.inc:204)
[15:51:55] [WARNING] mysql_connect: no password specified (C:\Users\Israel\OneDrive\Documentos\Desktop\OverZone\gamemodes\main.pwn:80 -> C:\Users\Israel\OneDrive\Documentos\Desktop\OverZone\pawno\include\sscanf2.inc:204)
[15:55:29] [WARNING] mysql_connect: no password specified (C:\Users\Israel\OneDrive\Documentos\Desktop\OverZone\gamemodes\main.pwn:80 -> C:\Users\Israel\OneDrive\Documentos\Desktop\OverZone\pawno\include\sscanf2.inc:204)
[16:02:51] [WARNING] mysql_connect: no password specified (C:\Users\Israel\OneDrive\Documentos\Desktop\OverZone\gamemodes\main.pwn:80 -> C:\Users\Israel\OneDrive\Documentos\Desktop\OverZone\pawno\include\sscanf2.inc:204)
[16:06:03] [WARNING] mysql_connect: no password specified (C:\Users\Israel\OneDrive\Documentos\Desktop\OverZone\gamemodes\main.pwn:80 -> C:\Users\Israel\OneDrive\Documentos\Desktop\OverZone\pawno\include\sscanf2.inc:204)
[14:35:54] [WARNING] mysql_connect: no password specified (C:\Users\Israel\OneDrive\Documentos\Desktop\OverZone\gamemodes\main.pwn:100 -> C:\Users\Israel\OneDrive\Documentos\Desktop\OverZone\pawno\include\sscanf2.inc:204)
[14:52:30] [WARNING] mysql_connect: no password specified (C:\Users\Israel\OneDrive\Documentos\Desktop\OverZone\gamemodes\main.pwn:100 -> C:\Users\Israel\OneDrive\Documentos\Desktop\OverZone\pawno\include\sscanf2.inc:204)
[15:20:23] [WARNING] mysql_connect: no password specified (C:\Users\Israel\OneDrive\Documentos\Desktop\OverZone\gamemodes\main.pwn:101 -> C:\Users\Israel\OneDrive\Documentos\Desktop\OverZone\pawno\include\sscanf2.inc:204)
[00:09:06] [WARNING] mysql_connect: no password specified (C:\Users\Israel\OneDrive\Documentos\Desktop\OverZone\gamemodes\main.pwn:104 -> C:\Users\Israel\OneDrive\Documentos\Desktop\OverZone\pawno\include\sscanf2.inc:204)
[00:18:11] [WARNING] mysql_connect: no password specified (C:\Users\Israel\OneDrive\Documentos\Desktop\OverZone\gamemodes\main.pwn:104 -> C:\Users\Israel\OneDrive\Documentos\Desktop\OverZone\pawno\include\sscanf2.inc:204)
[00:32:44] [WARNING] mysql_connect: no password specified (C:\Users\Israel\OneDrive\Documentos\Desktop\OverZone\gamemodes\main.pwn:105 -> C:\Users\Israel\OneDrive\Documentos\Desktop\OverZone\pawno\include\sscanf2.inc:204)
[00:40:42] [WARNING] mysql_connect: no password specified (C:\Users\Israel\OneDrive\Documentos\Desktop\OverZone\gamemodes\main.pwn:105 -> C:\Users\Israel\OneDrive\Documentos\Desktop\OverZone\pawno\include\sscanf2.inc:204)
[01:13:31] [WARNING] mysql_connect: no password specified (C:\Users\Israel\OneDrive\Documentos\Desktop\OverZone\gamemodes\main.pwn:108 -> C:\Users\Israel\OneDrive\Documentos\Desktop\OverZone\pawno\include\sscanf2.inc:204)
[01:14:15] [ERROR] mysql_format: destination size '256' is too small (C:\Users\Israel\OneDrive\Documentos\Desktop\OverZone\gamemodes\main.pwn:246)
[01:14:15] [ERROR] error #1065 while executing query "": Query was empty (C:\Users\Israel\OneDrive\Documentos\Desktop\OverZone\gamemodes\main.pwn:264)
[01:15:26] [ERROR] mysql_format: destination size '256' is too small (C:\Users\Israel\OneDrive\Documentos\Desktop\OverZone\gamemodes\main.pwn:246)
[01:15:26] [ERROR] error #1065 while executing query "": Query was empty (C:\Users\Israel\OneDrive\Documentos\Desktop\OverZone\gamemodes\main.pwn:264)
[01:19:34] [WARNING] mysql_connect: no password specified (C:\Users\Israel\OneDrive\Documentos\Desktop\OverZone\gamemodes\main.pwn:108 -> C:\Users\Israel\OneDrive\Documentos\Desktop\OverZone\pawno\include\sscanf2.inc:204)
[01:20:15] [ERROR] mysql_format: destination size '256' is too small (C:\Users\Israel\OneDrive\Documentos\Desktop\OverZone\gamemodes\main.pwn:247)
[01:20:15] [ERROR] error #1065 while executing query "": Query was empty (C:\Users\Israel\OneDrive\Documentos\Desktop\OverZone\gamemodes\main.pwn:265)
[01:23:02] [WARNING] mysql_connect: no password specified (C:\Users\Israel\OneDrive\Documentos\Desktop\OverZone\gamemodes\main.pwn:108 -> C:\Users\Israel\OneDrive\Documentos\Desktop\OverZone\pawno\include\sscanf2.inc:204)
[01:23:41] [ERROR] mysql_format: destination size '256' is too small (C:\Users\Israel\OneDrive\Documentos\Desktop\OverZone\gamemodes\main.pwn:247)
[01:23:41] [ERROR] error #1065 while executing query "": Query was empty (C:\Users\Israel\OneDrive\Documentos\Desktop\OverZone\gamemodes\main.pwn:267)
[01:30:03] [WARNING] mysql_connect: no password specified (C:\Users\Israel\OneDrive\Documentos\Desktop\OverZone\gamemodes\main.pwn:108 -> C:\Users\Israel\OneDrive\Documentos\Desktop\OverZone\pawno\include\sscanf2.inc:204)
[01:30:49] [ERROR] mysql_format: destination size '256' is too small (C:\Users\Israel\OneDrive\Documentos\Desktop\OverZone\gamemodes\main.pwn:247)
[01:30:49] [ERROR] error #1065 while executing query "": Query was empty (C:\Users\Israel\OneDrive\Documentos\Desktop\OverZone\gamemodes\main.pwn:267)
[01:32:58] [WARNING] mysql_connect: no password specified (C:\Users\Israel\OneDrive\Documentos\Desktop\OverZone\gamemodes\main.pwn:108 -> C:\Users\Israel\OneDrive\Documentos\Desktop\OverZone\pawno\include\sscanf2.inc:204)
[01:35:18] [ERROR] mysql_format: destination size '256' is too small (C:\Users\Israel\OneDrive\Documentos\Desktop\OverZone\gamemodes\main.pwn:247)
[01:35:18] [ERROR] error #1065 while executing query "": Query was empty (C:\Users\Israel\OneDrive\Documentos\Desktop\OverZone\gamemodes\main.pwn:267)
[01:47:08] [WARNING] mysql_connect: no password specified (C:\Users\Israel\OneDrive\Documentos\Desktop\OverZone\gamemodes\main.pwn:112 -> C:\Users\Israel\OneDrive\Documentos\Desktop\OverZone\pawno\include\sscanf2.inc:204)
[01:47:52] [ERROR] mysql_format: destination size '256' is too small (C:\Users\Israel\OneDrive\Documentos\Desktop\OverZone\gamemodes\main.pwn:251)
[01:47:52] [ERROR] error #1065 while executing query "": Query was empty (C:\Users\Israel\OneDrive\Documentos\Desktop\OverZone\gamemodes\main.pwn:275)
[01:47:52] [ERROR] error #1065 while executing query "": Query was empty (C:\Users\Israel\OneDrive\Documentos\Desktop\OverZone\gamemodes\main.pwn:281)
[01:51:11] [WARNING] mysql_connect: no password specified (C:\Users\Israel\OneDrive\Documentos\Desktop\OverZone\gamemodes\main.pwn:112 -> C:\Users\Israel\OneDrive\Documentos\Desktop\OverZone\pawno\include\sscanf2.inc:204)
[01:56:10] [WARNING] mysql_connect: no password specified (C:\Users\Israel\OneDrive\Documentos\Desktop\OverZone\gamemodes\main.pwn:112 -> C:\Users\Israel\OneDrive\Documentos\Desktop\OverZone\pawno\include\sscanf2.inc:204)
[02:07:33] [WARNING] mysql_connect: no password specified (C:\Users\Israel\OneDrive\Documentos\Desktop\OverZone\gamemodes\main.pwn:112 -> C:\Users\Israel\OneDrive\Documentos\Desktop\OverZone\pawno\include\sscanf2.inc:204)
[02:20:10] [WARNING] mysql_connect: no password specified (C:\Users\Israel\OneDrive\Documentos\Desktop\OverZone\gamemodes\main.pwn:112 -> C:\Users\Israel\OneDrive\Documentos\Desktop\OverZone\pawno\include\sscanf2.inc:204)
[02:21:04] [WARNING] mysql_connect: no password specified (C:\Users\Israel\OneDrive\Documentos\Desktop\OverZone\gamemodes\main.pwn:112 -> C:\Users\Israel\OneDrive\Documentos\Desktop\OverZone\pawno\include\sscanf2.inc:204)
[01:48:36] [WARNING] mysql_connect: no password specified (C:\Users\Israel\OneDrive\Documentos\Desktop\OverZone\gamemodes\main.pwn:116 -> C:\Users\Israel\OneDrive\Documentos\Desktop\OverZone\pawno\include\sscanf2.inc:204)
[01:53:20] [WARNING] mysql_connect: no password specified (C:\Users\Israel\OneDrive\Documentos\Desktop\OverZone\gamemodes\main.pwn:116 -> C:\Users\Israel\OneDrive\Documentos\Desktop\OverZone\pawno\include\sscanf2.inc:204)
[02:24:21] [WARNING] mysql_connect: no password specified (C:\Users\Israel\OneDrive\Documentos\Desktop\OverZone\gamemodes\main.pwn:116 -> C:\Users\Israel\OneDrive\Documentos\Desktop\OverZone\pawno\include\sscanf2.inc:204)
[02:41:56] [WARNING] mysql_connect: no password specified (C:\Users\Israel\OneDrive\Documentos\Desktop\OverZone\gamemodes\main.pwn:116 -> C:\Users\Israel\OneDrive\Documentos\Desktop\OverZone\pawno\include\sscanf2.inc:204)
[02:48:21] [WARNING] mysql_connect: no password specified (C:\Users\Israel\OneDrive\Documentos\Desktop\OverZone\gamemodes\main.pwn:116 -> C:\Users\Israel\OneDrive\Documentos\Desktop\OverZone\pawno\include\sscanf2.inc:204)
[03:06:01] [WARNING] mysql_connect: no password specified (C:\Users\Israel\OneDrive\Documentos\Desktop\OverZone\gamemodes\main.pwn:118 -> C:\Users\Israel\OneDrive\Documentos\Desktop\OverZone\pawno\include\sscanf2.inc:204)
[03:15:37] [WARNING] mysql_connect: no password specified (C:\Users\Israel\OneDrive\Documentos\Desktop\OverZone\gamemodes\main.pwn:118 -> C:\Users\Israel\OneDrive\Documentos\Desktop\OverZone\pawno\include\sscanf2.inc:204)
[03:36:55] [WARNING] mysql_connect: no password specified (C:\Users\Israel\OneDrive\Documentos\Desktop\OverZone\gamemodes\main.pwn:141 -> C:\Users\Israel\OneDrive\Documentos\Desktop\OverZone\pawno\include\sscanf2.inc:204)
[03:36:58] [WARNING] mysql_connect: no password specified (C:\Users\Israel\OneDrive\Documentos\Desktop\OverZone\gamemodes\main.pwn:141 -> C:\Users\Israel\OneDrive\Documentos\Desktop\OverZone\pawno\include\sscanf2.inc:204)
[03:36:59] [WARNING] mysql_connect: no password specified (C:\Users\Israel\OneDrive\Documentos\Desktop\OverZone\gamemodes\main.pwn:141 -> C:\Users\Israel\OneDrive\Documentos\Desktop\OverZone\pawno\include\sscanf2.inc:204)
[03:37:00] [WARNING] mysql_connect: no password specified (C:\Users\Israel\OneDrive\Documentos\Desktop\OverZone\gamemodes\main.pwn:141 -> C:\Users\Israel\OneDrive\Documentos\Desktop\OverZone\pawno\include\sscanf2.inc:204)
[03:37:00] [WARNING] mysql_connect: no password specified (C:\Users\Israel\OneDrive\Documentos\Desktop\OverZone\gamemodes\main.pwn:141 -> C:\Users\Israel\OneDrive\Documentos\Desktop\OverZone\pawno\include\sscanf2.inc:204)
[03:37:24] [WARNING] mysql_connect: no password specified (C:\Users\Israel\OneDrive\Documentos\Desktop\OverZone\gamemodes\main.pwn:118 -> C:\Users\Israel\OneDrive\Documentos\Desktop\OverZone\pawno\include\sscanf2.inc:204)
[03:38:35] [WARNING] mysql_connect: no password specified (C:\Users\Israel\OneDrive\Documentos\Desktop\OverZone\gamemodes\main.pwn:134 -> C:\Users\Israel\OneDrive\Documentos\Desktop\OverZone\pawno\include\sscanf2.inc:204)
[03:39:11] [WARNING] mysql_connect: no password specified (C:\Users\Israel\OneDrive\Documentos\Desktop\OverZone\gamemodes\main.pwn:133 -> C:\Users\Israel\OneDrive\Documentos\Desktop\OverZone\pawno\include\sscanf2.inc:204)
[03:45:21] [WARNING] mysql_connect: no password specified (C:\Users\Israel\OneDrive\Documentos\Desktop\OverZone\gamemodes\main.pwn:132 -> C:\Users\Israel\OneDrive\Documentos\Desktop\OverZone\pawno\include\sscanf2.inc:204)
[23:15:36] [WARNING] mysql_connect: no password specified (\Users\Israel\OneDrive\Documentos\Desktop\overzone-main\gamemodes\main.pwn:150 -> C:\Users\Israel\OneDrive\Documentos\Desktop\overzone-main\pawno\include\sscanf2.inc:204)
[18:51:37] [WARNING] mysql_connect: no password specified (\Users\Israel\OneDrive\Documentos\Desktop\overzone-main\gamemodes\main.pwn:150 -> C:\Users\Israel\OneDrive\Documentos\Desktop\overzone-main\pawno\include\sscanf2.inc:204)
[18:57:26] [ERROR] error #1054 while executing query "UPDATE usuarios SET skin=93, x=1226.378052, y=-2002.859009, z=65.678772, a=266.692047, dinero=16000, vida=100.000000, chaleco=0.000000, sed=4, hambre=3, nivel=1, exp=0, horas=0, last_login=NOW() WHERE nombre='Jcr_Isra'": Unknown column 'horas' in 'field list' (\Users\Israel\OneDrive\Documentos\Desktop\overzone-main\gamemodes\main.pwn:386 -> C:\Users\Israel\OneDrive\Documentos\Desktop\overzone-main\pawno\include\sscanf2.inc:259)
[20:18:43] [WARNING] mysql_connect: no password specified (\Users\Israel\OneDrive\Documentos\Desktop\overzone-main\gamemodes\main.pwn:150 -> C:\Users\Israel\OneDrive\Documentos\Desktop\overzone-main\pawno\include\sscanf2.inc:204)
[20:20:57] [WARNING] mysql_connect: no password specified (\Users\Israel\OneDrive\Documentos\Desktop\overzone-main\gamemodes\main.pwn:150 -> C:\Users\Israel\OneDrive\Documentos\Desktop\overzone-main\pawno\include\sscanf2.inc:204)
[20:22:32] [ERROR] cache_get_value_name_int: field 'horas' not found (\Users\Israel\OneDrive\Documentos\Desktop\overzone-main\gamemodes\main.pwn:509)
[20:24:21] [ERROR] error #1054 while executing query "UPDATE usuarios SET skin=93, x=1501.222656, y=-1717.500610, z=14.046875, a=119.278885, dinero=16000, vida=100.000000, chaleco=0.000000, sed=4, hambre=3, nivel=1, exp=0, horas=0, last_login=NOW() WHERE nombre='Jcr'": Unknown column 'horas' in 'field list' (\Users\Israel\OneDrive\Documentos\Desktop\overzone-main\gamemodes\main.pwn:386 -> C:\Users\Israel\OneDrive\Documentos\Desktop\overzone-main\pawno\include\sscanf2.inc:259)
[20:29:57] [WARNING] mysql_connect: no password specified (C:\Users\Israel\OneDrive\Documentos\Desktop\overzone-main\gamemodes\main.pwn:150 -> C:\Users\Israel\OneDrive\Documentos\Desktop\overzone-main\pawno\include\sscanf2.inc:204)
[20:31:06] [ERROR] cache_get_value_name_int: field 'horas' not found (C:\Users\Israel\OneDrive\Documentos\Desktop\overzone-main\gamemodes\main.pwn:507)
[20:32:19] [ERROR] error #1054 while executing query "UPDATE usuarios SET skin=134, x=1533.605713, y=-1664.158813, z=13.382813, a=282.065308, dinero=32000, vida=100.000000, chaleco=0.000000, sed=2, hambre=1, nivel=1, exp=0, horas=0, last_login=NOW() WHERE nombre='Jcr_Isra'": Unknown column 'horas' in 'field list' (C:\Users\Israel\OneDrive\Documentos\Desktop\overzone-main\gamemodes\main.pwn:386 -> C:\Users\Israel\OneDrive\Documentos\Desktop\overzone-main\pawno\include\sscanf2.inc:259)
[20:32:47] [ERROR] cache_get_value_name_int: field 'horas' not found (C:\Users\Israel\OneDrive\Documentos\Desktop\overzone-main\gamemodes\main.pwn:507)
[20:32:57] [ERROR] error #1054 while executing query "UPDATE usuarios SET skin=0, x=1212.694336, y=-2036.891357, z=68.243843, a=276.260345, dinero=64000, vida=100.000000, chaleco=0.000000, sed=1, hambre=1, nivel=1, exp=0, horas=0, last_login=NOW() WHERE nombre='Jcr_Isra'": Unknown column 'horas' in 'field list' (C:\Users\Israel\OneDrive\Documentos\Desktop\overzone-main\gamemodes\main.pwn:386 -> C:\Users\Israel\OneDrive\Documentos\Desktop\overzone-main\pawno\include\sscanf2.inc:259)
[20:39:03] [WARNING] mysql_connect: no password specified (C:\Users\Israel\OneDrive\Documentos\Desktop\overzone-main\gamemodes\main.pwn:150 -> C:\Users\Israel\OneDrive\Documentos\Desktop\overzone-main\pawno\include\sscanf2.inc:204)
[20:43:30] [WARNING] mysql_connect: no password specified (C:\Users\Israel\OneDrive\Documentos\Desktop\overzone-main\gamemodes\main.pwn:150 -> C:\Users\Israel\OneDrive\Documentos\Desktop\overzone-main\pawno\include\sscanf2.inc:204)
